{"level":"info","message":"Received from Acquisitions API","service":"acquisition-api","timestamp":"2026-08-14T17:59:12.861Z"}
{"level":"info","message":"::1 - - [14/Aug/2026:17:59:12 +0000] \"GET / HTTP/1.1\" 304 - \"-\" \"Mozilla/5.0 (Windows NT 10.0; Win64; x64) AppleWebKit/537.36 (KHTML, like Gecko) Code/1.133.0 Chrome/148.0.7778.280 Electron/42.8.0 Safari/537.36\"","service":"acquisition-api","timestamp":"2026-08-14T17:59:12.876Z"}
{"level":"info","message":"Received from Acquisitions API","service":"acquisition-api","timestamp":"2026-08-14T18:01:07.691Z"}
{"level":"info","message":"::1 - - [14/Aug/2026:18:01:07 +0000] \"GET / HTTP/1.1\" 304 - \"-\" \"Mozilla/5.0 (Windows NT 10.0; Win64; x64) AppleWebKit/537.36 (KHTML, like Gecko) Code/1.133.0 Chrome/148.0.7778.280 Electron/42.8.0 Safari/537.36\"","service":"acquisition-api","timestamp":"2026-08-14T18:01:07.705Z"}
{"level":"info","message":"::1 - - [14/Aug/2026:18:16:08 +0000] \"POST / HTTP/1.1\" 404 140 \"-\" \"PostmanRuntime/7.53.0\"","service":"acquisition-api","timestamp":"2026-08-14T18:16:08.399Z"}
{"level":"info","message":"Received from Acquisitions API","service":"acquisition-api","timestamp":"2026-08-14T18:16:55.689Z"}
{"level":"info","message":"::1 - - [14/Aug/2026:18:16:55 +0000] \"GET / HTTP/1.1\" 200 24 \"-\" \"PostmanRuntime/7.53.0\"","service":"acquisition-api","timestamp":"2026-08-14T18:16:55.693Z"}
{"level":"info","message":"::1 - - [14/Aug/2026:18:18:03 +0000] \"GET /api HTTP/1.1\" 404 142 \"-\" \"PostmanRuntime/7.53.0\"","service":"acquisition-api","timestamp":"2026-08-14T18:18:03.974Z"}
{"level":"info","message":"::1 - - [14/Aug/2026:18:18:53 +0000] \"GET /health HTTP/1.1\" 200 75 \"-\" \"PostmanRuntime/7.53.0\"","service":"acquisition-api","timestamp":"2026-08-14T18:18:53.755Z"}
{"level":"info","message":"::1 - - [14/Aug/2026:18:19:07 +0000] \"GET /api/health HTTP/1.1\" 200 42 \"-\" \"PostmanRuntime/7.53.0\"","service":"acquisition-api","timestamp":"2026-08-14T18:19:07.307Z"}
{"level":"info","message":"::1 - - [14/Aug/2026:18:19:32 +0000] \"GET /health HTTP/1.1\" 200 75 \"-\" \"PostmanRuntime/7.53.0\"","service":"acquisition-api","timestamp":"2026-08-14T18:19:32.042Z"}
{"level":"info","message":"::1 - - [14/Aug/2026:18:20:07 +0000] \"POST /api/auth/sign-in HTTP/1.1\" 200 31 \"-\" \"PostmanRuntime/7.53.0\"","service":"acquisition-api","timestamp":"2026-08-14T18:20:07.802Z"}
{"level":"info","message":"::1 - - [14/Aug/2026:18:20:46 +0000] \"GET /api/auth/sign-inresponse HTTP/1.1\" 404 163 \"-\" \"PostmanRuntime/7.53.0\"","service":"acquisition-api","timestamp":"2026-08-14T18:20:46.606Z"}
{"level":"info","message":"::1 - - [15/Aug/2026:20:12:24 +0000] \"POST /api/auth/sign-up HTTP/1.1\" 200 31 \"-\" \"PostmanRuntime/7.53.0\"","service":"acquisition-api","timestamp":"2026-08-15T20:12:24.582Z"}
{"level":"info","message":"::1 - - [15/Aug/2026:20:18:07 +0000] \"POST /api/auth/sign-up HTTP/1.1\" 400 58 \"-\" \"PostmanRuntime/7.53.0\"","service":"acquisition-api","timestamp":"2026-08-15T20:18:07.708Z"}
{"level":"info","message":"::1 - - [15/Aug/2026:20:19:27 +0000] \"POST /api/auth/sign-up HTTP/1.1\" 400 58 \"-\" \"PostmanRuntime/7.53.0\"","service":"acquisition-api","timestamp":"2026-08-15T20:19:27.474Z"}
{"level":"info","message":"::1 - - [15/Aug/2026:20:20:10 +0000] \"POST /api/auth/sign-up HTTP/1.1\" 400 58 \"-\" \"PostmanRuntime/7.53.0\"","service":"acquisition-api","timestamp":"2026-08-15T20:20:10.317Z"}
{"level":"info","message":"::1 - - [15/Aug/2026:20:22:04 +0000] \"POST /api/auth/sign-up HTTP/1.1\" 400 58 \"-\" \"PostmanRuntime/7.53.0\"","service":"acquisition-api","timestamp":"2026-08-15T20:22:04.537Z"}
{"level":"info","message":"User Signed Up Successfully: ahmed@gmail.com with role: user","service":"acquisition-api","timestamp":"2026-08-15T20:23:34.034Z"}
{"level":"info","message":"::1 - - [15/Aug/2026:20:23:34 +0000] \"POST /api/auth/sign-up HTTP/1.1\" 201 112 \"-\" \"PostmanRuntime/7.53.0\"","service":"acquisition-api","timestamp":"2026-08-15T20:23:34.036Z"}
{"level":"error","message":"Signup error password is not defined","service":"acquisition-api","stack":"ReferenceError: password is not defined\n    at signup (file:///C:/Users/ahmad/Desktop/Aquisation/src/controllers/auth.controller.js:16:54)\n    at Layer.handleRequest (C:\\Users\\ahmad\\Desktop\\Aquisation\\node_modules\\router\\lib\\layer.js:152:17)\n    at next (C:\\Users\\ahmad\\Desktop\\Aquisation\\node_modules\\router\\lib\\route.js:157:13)\n    at Route.dispatch (C:\\Users\\ahmad\\Desktop\\Aquisation\\node_modules\\router\\lib\\route.js:117:3)\n    at handle (C:\\Users\\ahmad\\Desktop\\Aquisation\\node_modules\\router\\index.js:435:11)\n    at Layer.handleRequest (C:\\Users\\ahmad\\Desktop\\Aquisation\\node_modules\\router\\lib\\layer.js:152:17)\n    at C:\\Users\\ahmad\\Desktop\\Aquisation\\node_modules\\router\\index.js:295:15\n    at processParams (C:\\Users\\ahmad\\Desktop\\Aquisation\\node_modules\\router\\index.js:582:12)\n    at next (C:\\Users\\ahmad\\Desktop\\Aquisation\\node_modules\\router\\index.js:291:5)\n    at Function.handle (C:\\Users\\ahmad\\Desktop\\Aquisation\\node_modules\\router\\index.js:186:3)","timestamp":"2026-08-17T19:02:12.470Z"}
{"level":"info","message":"::1 - - [17/Aug/2026:19:02:12 +0000] \"POST /api/auth/sign-up HTTP/1.1\" 500 1219 \"-\" \"PostmanRuntime/7.53.0\"","service":"acquisition-api","timestamp":"2026-08-17T19:02:12.482Z"}
{"level":"error","message":"Signup error password is not defined","service":"acquisition-api","stack":"ReferenceError: password is not defined\n    at signup (file:///C:/Users/ahmad/Desktop/Aquisation/src/controllers/auth.controller.js:16:54)\n    at Layer.handleRequest (C:\\Users\\ahmad\\Desktop\\Aquisation\\node_modules\\router\\lib\\layer.js:152:17)\n    at next (C:\\Users\\ahmad\\Desktop\\Aquisation\\node_modules\\router\\lib\\route.js:157:13)\n    at Route.dispatch (C:\\Users\\ahmad\\Desktop\\Aquisation\\node_modules\\router\\lib\\route.js:117:3)\n    at handle (C:\\Users\\ahmad\\Desktop\\Aquisation\\node_modules\\router\\index.js:435:11)\n    at Layer.handleRequest (C:\\Users\\ahmad\\Desktop\\Aquisation\\node_modules\\router\\lib\\layer.js:152:17)\n    at C:\\Users\\ahmad\\Desktop\\Aquisation\\node_modules\\router\\index.js:295:15\n    at processParams (C:\\Users\\ahmad\\Desktop\\Aquisation\\node_modules\\router\\index.js:582:12)\n    at next (C:\\Users\\ahmad\\Desktop\\Aquisation\\node_modules\\router\\index.js:291:5)\n    at Function.handle (C:\\Users\\ahmad\\Desktop\\Aquisation\\node_modules\\router\\index.js:186:3)","timestamp":"2026-08-17T19:04:39.844Z"}
{"level":"info","message":"::1 - - [17/Aug/2026:19:04:39 +0000] \"POST /api/auth/sign-up HTTP/1.1\" 500 1219 \"-\" \"PostmanRuntime/7.53.0\"","service":"acquisition-api","timestamp":"2026-08-17T19:04:39.857Z"}
{"level":"info","message":"User ahmed@gmail.com created successfully.","service":"acquisition-api","timestamp":"2026-08-17T19:08:45.603Z"}
{"level":"error","message":"Signup error Cannot read properties of undefined (reading 'id')","service":"acquisition-api","stack":"TypeError: Cannot read properties of undefined (reading 'id')\n    at signup (file:///C:/Users/ahmad/Desktop/Aquisation/src/controllers/auth.controller.js:17:48)\n    at process.processTicksAndRejections (node:internal/process/task_queues:105:5)","timestamp":"2026-08-17T19:08:45.609Z"}
{"level":"info","message":"::1 - - [17/Aug/2026:19:08:45 +0000] \"POST /api/auth/sign-up HTTP/1.1\" 500 404 \"-\" \"PostmanRuntime/7.53.0\"","service":"acquisition-api","timestamp":"2026-08-17T19:08:45.619Z"}
{"level":"error","message":"Error Creating the user: Error: User already exists","service":"acquisition-api","timestamp":"2026-08-17T19:13:11.894Z"}
{"level":"error","message":"Signup error Cannot read properties of undefined (reading 'id')","service":"acquisition-api","stack":"TypeError: Cannot read properties of undefined (reading 'id')\n    at signup (file:///C:/Users/ahmad/Desktop/Aquisation/src/controllers/auth.controller.js:17:48)\n    at process.processTicksAndRejections (node:internal/process/task_queues:105:5)","timestamp":"2026-08-17T19:13:11.902Z"}
{"level":"info","message":"::1 - - [17/Aug/2026:19:13:11 +0000] \"POST /api/auth/sign-up HTTP/1.1\" 500 404 \"-\" \"PostmanRuntime/7.56.0\"","service":"acquisition-api","timestamp":"2026-08-17T19:13:11.911Z"}
{"level":"error","message":"Error Creating the user: Error: User already exists","service":"acquisition-api","timestamp":"2026-08-17T19:14:20.044Z"}
{"level":"error","message":"Signup error Cannot read properties of undefined (reading 'id')","service":"acquisition-api","stack":"TypeError: Cannot read properties of undefined (reading 'id')\n    at signup (file:///C:/Users/ahmad/Desktop/Aquisation/src/controllers/auth.controller.js:17:48)\n    at process.processTicksAndRejections (node:internal/process/task_queues:105:5)","timestamp":"2026-08-17T19:14:20.045Z"}
{"level":"info","message":"::1 - - [17/Aug/2026:19:14:20 +0000] \"POST /api/auth/sign-up HTTP/1.1\" 500 404 \"-\" \"PostmanRuntime/7.56.0\"","service":"acquisition-api","timestamp":"2026-08-17T19:14:20.047Z"}
{"level":"info","message":"User adrian@gmail.com created successfully.","service":"acquisition-api","timestamp":"2026-08-17T19:34:41.351Z"}
{"level":"error","message":"Signup error cookies is not defined","service":"acquisition-api","stack":"ReferenceError: cookies is not defined\n    at signup (file:///C:/Users/ahmad/Desktop/Aquisation/src/controllers/auth.controller.js:19:9)\n    at process.processTicksAndRejections (node:internal/process/task_queues:105:5)","timestamp":"2026-08-17T19:34:41.360Z"}
{"level":"info","message":"::1 - - [17/Aug/2026:19:34:41 +0000] \"POST /api/auth/sign-up HTTP/1.1\" 500 372 \"-\" \"PostmanRuntime/2.2.2\"","service":"acquisition-api","timestamp":"2026-08-17T19:34:41.367Z"}
{"level":"error","message":"Error Creating the user: Error: User already exists","service":"acquisition-api","timestamp":"2026-08-17T19:36:34.697Z"}
{"level":"error","message":"Signup error Cannot read properties of undefined (reading 'id')","service":"acquisition-api","stack":"TypeError: Cannot read properties of undefined (reading 'id')\n    at signup (file:///C:/Users/ahmad/Desktop/Aquisation/src/controllers/auth.controller.js:18:48)\n    at process.processTicksAndRejections (node:internal/process/task_queues:105:5)","timestamp":"2026-08-17T19:36:34.702Z"}
{"level":"info","message":"::1 - - [17/Aug/2026:19:36:34 +0000] \"POST /api/auth/sign-up HTTP/1.1\" 500 404 \"-\" \"PostmanRuntime/2.2.2\"","service":"acquisition-api","timestamp":"2026-08-17T19:36:34.710Z"}
{"level":"error","message":"Error Creating the user: Error: User already exists","service":"acquisition-api","timestamp":"2026-08-17T19:42:03.486Z"}
{"level":"error","message":"Signup error User already exists","service":"acquisition-api","stack":"Error: User already exists\n    at createUser (file:///C:/Users/ahmad/Desktop/Aquisation/src/services/auth.service.js:21:19)\n    at process.processTicksAndRejections (node:internal/process/task_queues:105:5)\n    at async signup (file:///C:/Users/ahmad/Desktop/Aquisation/src/controllers/auth.controller.js:18:22)","timestamp":"2026-08-17T19:42:03.493Z"}
{"level":"info","message":"::1 - - [17/Aug/2026:19:42:03 +0000] \"POST /api/auth/sign-up HTTP/1.1\" 409 33 \"-\" \"PostmanRuntime/2.2.2\"","service":"acquisition-api","timestamp":"2026-08-17T19:42:03.501Z"}
